#-----------------------------------------------------------
# Vivado v2015.3 (64-bit)
# SW Build 1368829 on Mon Sep 28 20:06:43 MDT 2015
# IP Build 1367837 on Mon Sep 28 08:56:14 MDT 2015
# Start of session at: Sat Nov 18 23:36:21 2017
# Process ID: 34444
# Current directory: E:/code/CPU_single_cycle/CPU_single_cycle
# Command line: vivado.exe -gui_launcher_event rodinguilauncherevent34388 E:\code\CPU_single_cycle\CPU_single_cycle\CPU_single_cycle.xpr
# Log file: E:/code/CPU_single_cycle/CPU_single_cycle/vivado.log
# Journal file: E:/code/CPU_single_cycle/CPU_single_cycle\vivado.jou
#-----------------------------------------------------------
start_gui
open_project E:/code/CPU_single_cycle/CPU_single_cycle/CPU_single_cycle.xpr
update_compile_order -fileset sim_1
update_compile_order -fileset sim_1
update_compile_order -fileset sim_1
launch_runs synth_1
wait_on_run synth_1
reset_run synth_1
launch_runs synth_1
wait_on_run synth_1
launch_runs impl_1
wait_on_run impl_1
update_compile_order -fileset sources_1
reset_run synth_1
launch_runs impl_1
wait_on_run impl_1
open_run impl_1
launch_runs impl_1 -to_step write_bitstream
wait_on_run impl_1
launch_runs impl_1 -to_step write_bitstream
open_hw
connect_hw_server
open_hw_target
set_property PROGRAM.FILE {E:/code/CPU_single_cycle/CPU_single_cycle/CPU_single_cycle.runs/impl_1/display_top.bit} [lindex [get_hw_devices] 0]
current_hw_device [lindex [get_hw_devices] 0]
refresh_hw_device -update_hw_probes false [lindex [get_hw_devices] 0]
set_property PROBES.FILE {} [lindex [get_hw_devices] 0]
set_property PROGRAM.FILE {E:/code/CPU_single_cycle/CPU_single_cycle/CPU_single_cycle.runs/impl_1/display_top.bit} [lindex [get_hw_devices] 0]
program_hw_devices [lindex [get_hw_devices] 0]
refresh_hw_device [lindex [get_hw_devices] 0]
update_compile_order -fileset sources_1
reset_run synth_1
launch_runs impl_1 -to_step write_bitstream
wait_on_run impl_1
reset_run synth_1
launch_runs impl_1 -to_step write_bitstream
wait_on_run impl_1
set_property PROBES.FILE {} [lindex [get_hw_devices] 0]
set_property PROGRAM.FILE {E:/code/CPU_single_cycle/CPU_single_cycle/CPU_single_cycle.runs/impl_1/display_top.bit} [lindex [get_hw_devices] 0]
program_hw_devices [lindex [get_hw_devices] 0]
refresh_hw_device [lindex [get_hw_devices] 0]
reset_run synth_1
launch_runs impl_1 -to_step write_bitstream
wait_on_run impl_1
reset_run synth_1
launch_runs impl_1
wait_on_run impl_1
reset_run synth_1
launch_runs impl_1
wait_on_run impl_1
reset_run synth_1
launch_runs impl_1
wait_on_run impl_1
refresh_design
reset_run synth_1
launch_runs impl_1
wait_on_run impl_1
open_run impl_1
reset_run synth_1
launch_runs impl_1
wait_on_run impl_1
reset_run synth_1
launch_runs impl_1
wait_on_run impl_1
launch_runs impl_1 -to_step write_bitstream
wait_on_run impl_1
open_run impl_1
